// Jest Snapshot v1, https://goo.gl/fbAQLP

exports[`Modal is rendering matches snapshot DOM node structure 1`] = `[Function]`;
